Microchip MPLAB XC8 Compiler V2.05 ()

Linker command line:

-W-3 --edf=C:\Program Files (x86)\Microchip\xc8\v2.05\pic\dat\en_msgs.txt \
  -cs -h+dist/default/production\final_project.X.production.sym \
  --cmf=dist/default/production\final_project.X.production.cmf -z -Q18F4520 \
  -oC:\Users\Kobe\AppData\Local\Temp\s5e0.2 --defsym=__MPLAB_BUILD=1 \
  -Mdist/default/production/final_project.X.production.map -E1 -ver=XC8 \
  --acfsm=1493 -ASTACK=04BCh-05FFh -pstack=STACK -ACODE=00h-07FFFh \
  -ACONST=00h-07FFFh -ASMALLCONST=0600h-06FFhx122 \
  -AMEDIUMCONST=0600h-07FFFh -ACOMRAM=01h-07Fh -AABS1=00h-05FFh \
  -ABIGRAM=01h-05FFh -ARAM=080h-0FFh,0100h-01FFhx5 -ABANK0=080h-0FFh \
  -ABANK1=0100h-01FFh -ABANK2=0200h-02FFh -ABANK3=0300h-03FFh \
  -ABANK4=0400h-04FFh -ABANK5=0500h-05FFh -ASFR=0F80h-0FFFh \
  -preset_vec=00h,intcode=08h,intcodelo=018h,powerup,init -pramtop=0600h \
  -psmallconst=SMALLCONST -pmediumconst=MEDIUMCONST -pconst=CONST \
  -AFARRAM=00h-00h -ACONFIG=0300000h-030000Dh -pconfig=CONFIG \
  -AIDLOC=0200000h-0200007h -pidloc=IDLOC -AEEDATA=0F00000h-0F000FFh \
  -peeprom_data=EEDATA \
  -prdata=COMRAM,nvrram=COMRAM,nvbit=COMRAM,rbss=COMRAM,rbit=COMRAM \
  -pfarbss=FARRAM,fardata=FARRAM,nvFARRAM=FARRAM \
  -pintsave_regs=BIGRAM,bigbss=BIGRAM,bigdata=BIGRAM -pbss=RAM \
  -pidata=CODE,irdata=CODE,ibigdata=CODE,ifardata=CODE -prparam=COMRAM \
  C:\Users\Kobe\AppData\Local\Temp\s5e0.o \
  dist/default/production\final_project.X.production.o 

Object code version is 3.11

Machine type is 18F4520

Call graph: (short form)




                Name                               Link     Load   Length Selector   Space Scale
C:\Users\Kobe\AppData\Local\Temp\s5e0.o
                init                                 58       58        4        C       0
                reset_vec                             0        0        4        0       0
                idloc                            200000   200000        8   200000       0
                config                           300000   300000        E   300000       0
dist/default/production\final_project.X.production.o
                intcodelo                            18       18       40        C       0
                intcode                               8        8        6        4       0
                temp                                 72       72        1        1       1
                smallconst                          600      600       20      300       0
                intcode_body                       15D0     15D0      11A      310       0
                text30                             1E0E     1E0E        C      310       0
                text29                             1ABE     1ABE       70      310       0
                text28                             1C1C     1C1C       44      310       0
                text26                             1DDA     1DDA       16      310       0
                text25                             1E30     1E30        2      310       0
                text24                             1E22     1E22        8      310       0
                text23                             1E1A     1E1A        8      310       0
                text22                             1DF0     1DF0       10      310       0
                text21                             1E2E     1E2E        2      310       0
                text20                             1DC0     1DC0       1A      310       0
                text19                             1D84     1D84       22      310       0
                text18                             1D62     1D62       22      310       0
                text17                             1CDC     1CDC       38      310       0
                text16                             1E00     1E00        E      310       0
                text15                             16EA     16EA       D0      310       0
                text14                             1490     1490      140      310       0
                text13                              C68      C68      288      310       0
                text12                              620      620      352      310       0
                text11                             1A04     1A04       BA      310       0
                text10                             1D3C     1D3C       26      310       0
                text9                              1D14     1D14       28      310       0
                text8                              1BD6     1BD6       46      310       0
                text7                               EF0      EF0      21E      310       0
                text6                              1B2E     1B2E       62      310       0
                text5                              110E     110E      216      310       0
                text4                              1B90     1B90       46      310       0
                text3                               972      972      2F6      310       0
                text2                              1324     1324      16C      310       0
                text1                              1DA6     1DA6       1A      310       0
                text0                              1C9E     1C9E       3E      310       0
                cstackCOMRAM                          1        1       51        1       1
                cstackBANK0                          FE       FE        1       80       1
                cstackBANK1                         1C4      1C4        C      100       1
                bssBIGRAM                           2C8      2C8      1F4      2C8       1
                dataBANK2                           200      200       C8      200       1
                dataBANK1                           100      100       C4      100       1
                dataBANK0                            C0       C0       3E       80       1
                bssBANK0                             80       80       40       80       1
                dataCOMRAM                           6E       6E        4        1       1
                bssCOMRAM                            52       52       1C        1       1
                cinit                              1946     1946       BE      310       0
                idataBANK2                         17BA     17BA       C8      310       0
                idataBANK1                         1882     1882       C4      310       0
                idataBANK0                         1C60     1C60       3E      310       0
                idataCOMRAM                        1E2A     1E2A        4      310       0

TOTAL           Name                               Link     Load   Length     Space
        CLASS   STACK          

        CLASS   CODE           
                intcodelo                            18       18       40         0
                intcode                               8        8        6         0
                init                                 58       58        4         0
                reset_vec                             0        0        4         0
                intcode_body                       15D0     15D0      11A         0
                text30                             1E0E     1E0E        C         0
                text29                             1ABE     1ABE       70         0
                text28                             1C1C     1C1C       44         0
                text26                             1DDA     1DDA       16         0
                text25                             1E30     1E30        2         0
                text24                             1E22     1E22        8         0
                text23                             1E1A     1E1A        8         0
                text22                             1DF0     1DF0       10         0
                text21                             1E2E     1E2E        2         0
                text20                             1DC0     1DC0       1A         0
                text19                             1D84     1D84       22         0
                text18                             1D62     1D62       22         0
                text17                             1CDC     1CDC       38         0
                text16                             1E00     1E00        E         0
                text15                             16EA     16EA       D0         0
                text14                             1490     1490      140         0
                text13                              C68      C68      288         0
                text12                              620      620      352         0
                text11                             1A04     1A04       BA         0
                text10                             1D3C     1D3C       26         0
                text9                              1D14     1D14       28         0
                text8                              1BD6     1BD6       46         0
                text7                               EF0      EF0      21E         0
                text6                              1B2E     1B2E       62         0
                text5                              110E     110E      216         0
                text4                              1B90     1B90       46         0
                text3                               972      972      2F6         0
                text2                              1324     1324      16C         0
                text1                              1DA6     1DA6       1A         0
                text0                              1C9E     1C9E       3E         0
                cinit                              1946     1946       BE         0
                idataBANK2                         17BA     17BA       C8         0
                idataBANK1                         1882     1882       C4         0
                idataBANK0                         1C60     1C60       3E         0
                idataCOMRAM                        1E2A     1E2A        4         0

        CLASS   CONST          

        CLASS   SMALLCONST     
                smallconst                          600      600       20         0

        CLASS   MEDIUMCONST    

        CLASS   COMRAM         
                temp                                 72       72        1         1
                cstackCOMRAM                          1        1       51         1
                dataCOMRAM                           6E       6E        4         1
                bssCOMRAM                            52       52       1C         1

        CLASS   ABS1           

        CLASS   BIGRAM         
                bssBIGRAM                           2C8      2C8      1F4         1

        CLASS   RAM            

        CLASS   BANK0          
                cstackBANK0                          FE       FE        1         1
                dataBANK0                            C0       C0       3E         1
                bssBANK0                             80       80       40         1

        CLASS   BANK1          
                cstackBANK1                         1C4      1C4        C         1
                dataBANK1                           100      100       C4         1

        CLASS   BANK2          
                dataBANK2                           200      200       C8         1

        CLASS   BANK3          

        CLASS   BANK4          

        CLASS   BANK5          

        CLASS   SFR            

        CLASS   FARRAM         

        CLASS   CONFIG         
                config                           300000   300000        E         0

        CLASS   IDLOC          
                idloc                            200000   200000        8         0

        CLASS   EEDATA         



SEGMENTS        Name                           Load    Length   Top    Selector   Space  Class

                reset_vec                      000000  000004  000004         0       0  CODE    
                cstackCOMRAM                   000001  000072  000073         1       1  COMRAM  
                intcode                        000008  000006  00000E         4       0  CODE    
                intcodelo                      000018  000044  00005C         C       0  CODE    
                bssBANK0                       000080  00007F  0000FF        80       1  BANK0   
                dataBANK1                      000100  0000D0  0001D0       100       1  BANK1   
                dataBANK2                      000200  0000C8  0002C8       200       1  BANK2   
                bssBIGRAM                      0002C8  0001F4  0004BC       2C8       1  BIGRAM  
                smallconst                     000600  000020  000620       300       0  SMALLCON
                text12                         000620  001812  001E32       310       0  CODE    
                idloc                          200000  000008  200008    200000       0  IDLOC   
                config                         300000  00000E  30000E    300000       0  CONFIG  


UNUSED ADDRESS RANGES

        Name                Unused          Largest block    Delta
        BANK0            0000FF-0000FF                1
        BANK1            0001D0-0001FF               30
        BANK4            0004BC-0004FF               44
        BANK5            000500-0005FF              100
        BIGRAM           000073-00007F                D
                         0000FF-0000FF                1
                         0001D0-0001FF               30
                         0004BC-0005FF              144
        CODE             000004-000007                4
                         00000E-000017                A
                         00005C-0005FF              5A4
                         001E32-007FFF             61CE
        COMRAM           000073-00007F                D
        CONST            000004-000007                4
                         00000E-000017                A
                         00005C-0005FF              5A4
                         001E32-007FFF             61CE
        EEDATA           F00000-F000FF              100
        MEDIUMCONST      001E32-007FFF             61CE
        RAM              0000FF-0000FF                1
                         0001D0-0001FF               30
                         0004BC-0005FF               44
        SFR              000F80-000FFF               80
        SMALLCONST       001E32-007FFF              100
        STACK            0004BC-0005FF              144

                                  Symbol Table

?___awmod                       cstackCOMRAM 000003
?___fldiv                       cstackCOMRAM 00001C
?___flmul                       cstackCOMRAM 000035
?___fltol                       cstackCOMRAM 000035
?___wmul                        cstackCOMRAM 00000E
?___xxtofl                      cstackCOMRAM 00000E
?_get_bits                      cstackCOMRAM 00000E
?_modifyBit                     cstackCOMRAM 000018
UART_Write@data                 cstackCOMRAM 000003
YM2413Write@address             cstackCOMRAM 000018
YM2413Write@data                cstackCOMRAM 00001A
_ADCON0bits                     (abs)        000FC2
_ADCON1                         (abs)        000FC1
_ADCON2bits                     (abs)        000FC0
_ADC_Initialize                 text26       001DDA
_ADFM                           (abs)        007E07
_ADRESH                         (abs)        000FC4
_ADRESL                         (abs)        000FC3
_BAUDCONbits                    (abs)        000FB8
_CCP1CON                        (abs)        000FBD
_CCP1CONbits                    (abs)        000FBD
_CCP1_Initialize                text25       001E30
_CCPR1L                         (abs)        000FBE
_CREN                           (abs)        007D5C
_Distance                       bssCOMRAM    000052
_Distance2                      bssBANK0     000092
_Hi_ISR                         intcode      000008
_INTCON2bits                    (abs)        000FF1
_INTCON3bits                    (abs)        000FF0
_INTCONbits                     (abs)        000FF2
_INTERRUPT_Initialize           text24       001E22
_IPR1bits                       (abs)        000F9F
_IPR2bits                       (abs)        000FA2
_IRCF0                          (abs)        007E9C
_IRCF1                          (abs)        007E9D
_IRCF2                          (abs)        007E9E
_LATA0                          (abs)        007C48
_LATA1                          (abs)        007C49
_LATA2                          (abs)        007C4A
_LATA3                          (abs)        007C4B
_LATAbits                       (abs)        000F89
_LATB2                          (abs)        007C52
_LATB3                          (abs)        007C53
_LATB4                          (abs)        007C54
_LATC3                          (abs)        007C5B
_LATCbits                       (abs)        000F8B
_LATD                           (abs)        000F8C
_LATD5                          (abs)        007C65
_LATD6                          (abs)        007C66
_LATD7                          (abs)        007C67
_LATDbits                       (abs)        000F8C
_LATE0                          (abs)        007C68
_LATE1                          (abs)        007C69
_Lo_ISR                         intcodelo    000018
_MyusartRead                    text28       001C1C
_OSCILLATOR_Initialize          text23       001E1A
_PIE1bits                       (abs)        000F9D
_PIR1bits                       (abs)        000F9E
_PIR2bits                       (abs)        000FA1
_PORTBbits                      (abs)        000F81
_PR2                            (abs)        000FCB
_PWM_Initialize                 text22       001DF0
_RC0                            (abs)        007C10
_RC2                            (abs)        007C12
_RC3                            (abs)        007C13
_RC7                            (abs)        007C17
_RCIF                           (abs)        007CF5
_RCONbits                       (abs)        000FD0
_RCREG                          (abs)        000FAE
_RCSTAbits                      (abs)        000FAB
_SPBRG                          (abs)        000FAF
_SYSTEM_Initialize              text18       001D62
_T0CON                          (abs)        000FD5
_T0CONbits                      (abs)        000FD5
_T1CON                          (abs)        000FCD
_T2CON                          (abs)        000FCA
_T3CONbits                      (abs)        000FB1
_TIMER2_Initialize              text21       001E2E
_TIMER3_Initialize              text20       001DC0
_TMR0                           (abs)        000FD6
_TMR1                           (abs)        000FCE
_TMR1IF                         (abs)        007CF0
_TMR1ON                         (abs)        007E68
_TMR3                           (abs)        000FB2
_TRISA                          (abs)        000F92
_TRISAbits                      (abs)        000F92
_TRISBbits                      (abs)        000F93
_TRISCbits                      (abs)        000F94
_TRISD                          (abs)        000F95
_TRISDbits                      (abs)        000F95
_TRISEbits                      (abs)        000F96
_TXREG                          (abs)        000FAD
_TXSTAbits                      (abs)        000FAC
_Time                           bssCOMRAM    000068
_Time2                          bssCOMRAM    000066
_Trigger_Pulse_10us             text16       001E00
_UART_Initialize                text19       001D84
_UART_Write                     text30       001E0E
_Xmas                           dataBANK1    000162
_YAMAHA                         text17       001CDC
_YM2413Write                    text7        000EF0
__CFG_BOREN$SBORDIS             (abs)        000000
__CFG_BORV$3                    (abs)        000000
__CFG_CCP2MX$PORTC              (abs)        000000
__CFG_CP0$OFF                   (abs)        000000
__CFG_CP1$OFF                   (abs)        000000
__CFG_CP2$OFF                   (abs)        000000
__CFG_CP3$OFF                   (abs)        000000
__CFG_CPB$OFF                   (abs)        000000
__CFG_CPD$OFF                   (abs)        000000
__CFG_EBTR0$OFF                 (abs)        000000
__CFG_EBTR1$OFF                 (abs)        000000
__CFG_EBTR2$OFF                 (abs)        000000
__CFG_EBTR3$OFF                 (abs)        000000
__CFG_EBTRB$OFF                 (abs)        000000
__CFG_FCMEN$OFF                 (abs)        000000
__CFG_IESO$ON                   (abs)        000000
__CFG_LPT1OSC$OFF               (abs)        000000
__CFG_LVP$OFF                   (abs)        000000
__CFG_MCLRE$ON                  (abs)        000000
__CFG_OSC$INTIO67               (abs)        000000
__CFG_PBADEN$ON                 (abs)        000000
__CFG_PWRT$OFF                  (abs)        000000
__CFG_STVREN$ON                 (abs)        000000
__CFG_WDT$OFF                   (abs)        000000
__CFG_WDTPS$1                   (abs)        000000
__CFG_WRT0$OFF                  (abs)        000000
__CFG_WRT1$OFF                  (abs)        000000
__CFG_WRT2$OFF                  (abs)        000000
__CFG_WRT3$OFF                  (abs)        000000
__CFG_WRTB$OFF                  (abs)        000000
__CFG_WRTC$OFF                  (abs)        000000
__CFG_WRTD$OFF                  (abs)        000000
__CFG_XINST$OFF                 (abs)        000000
__HRAM                          (abs)        000000
__Habs1                         abs1         000000
__Hbank0                        bank0        000000
__Hbank1                        bank1        000000
__Hbank2                        bank2        000000
__Hbank3                        bank3        000000
__Hbank4                        bank4        000000
__Hbank5                        bank5        000000
__Hbigbss                       bigbss       000000
__Hbigdata                      bigdata      000000
__Hbigram                       bigram       000000
__Hbss                          bss          000000
__HbssBANK0                     bssBANK0     000000
__HbssBIGRAM                    bssBIGRAM    000000
__HbssCOMRAM                    bssCOMRAM    000000
__Hcinit                        cinit        000000
__Hclrtext                      clrtext      000000
__Hcomram                       comram       000000
__Hconfig                       config       30000E
__Hconst                        const        000000
__HcstackBANK0                  cstackBANK0  000000
__HcstackBANK1                  cstackBANK1  000000
__HcstackCOMRAM                 cstackCOMRAM 000000
__Hdata                         data         000000
__HdataBANK0                    dataBANK0    000000
__HdataBANK1                    dataBANK1    000000
__HdataBANK2                    dataBANK2    000000
__HdataCOMRAM                   dataCOMRAM   000000
__Heeprom_data                  eeprom_data  000000
__Hfarbss                       farbss       000000
__Hfardata                      fardata      000000
__Hibigdata                     ibigdata     000000
__Hidata                        idata        000000
__HidataBANK0                   idataBANK0   000000
__HidataBANK1                   idataBANK1   000000
__HidataBANK2                   idataBANK2   000000
__HidataCOMRAM                  idataCOMRAM  000000
__Hidloc                        idloc        200008
__Hifardata                     ifardata     000000
__Hinit                         init         00005C
__Hintcode                      intcode      00000E
__Hintcode_body                 intcode_body 000000
__Hintcodelo                    intcodelo    000058
__Hintentry                     intentry     000000
__Hintret                       intret       000000
__Hintsave_regs                 intsave_regs 000000
__Hirdata                       irdata       000000
__Hmediumconst                  mediumconst  000000
__HnvFARRAM                     nvFARRAM     000000
__Hnvbit                        nvbit        000000
__Hnvrram                       nvrram       000000
__Hparam                        rparam       000000
__Hpowerup                      powerup      000058
__Hram                          ram          000000
__Hramtop                       ramtop       000600
__Hrbit                         rbit         000000
__Hrbss                         rbss         000000
__Hrdata                        rdata        000000
__Hreset_vec                    reset_vec    000004
__Hrparam                       rparam       000000
__Hsfr                          sfr          000000
__Hsmallconst                   smallconst   000620
__Hspace_0                      (abs)        30000E
__Hspace_1                      (abs)        0004BC
__Hspace_2                      (abs)        000000
__Hstack                        stack        000000
__Hstruct                       struct       000000
__Htemp                         temp         000073
__Htext                         text         000000
__Htext0                        text0        000000
__Htext1                        text1        000000
__Htext10                       text10       000000
__Htext11                       text11       000000
__Htext12                       text12       000000
__Htext13                       text13       000000
__Htext14                       text14       000000
__Htext15                       text15       000000
__Htext16                       text16       000000
__Htext17                       text17       000000
__Htext18                       text18       000000
__Htext19                       text19       000000
__Htext2                        text2        000000
__Htext20                       text20       000000
__Htext21                       text21       000000
__Htext22                       text22       000000
__Htext23                       text23       000000
__Htext24                       text24       000000
__Htext25                       text25       000000
__Htext26                       text26       000000
__Htext28                       text28       000000
__Htext29                       text29       000000
__Htext3                        text3        000000
__Htext30                       text30       000000
__Htext4                        text4        000000
__Htext5                        text5        000000
__Htext6                        text6        000000
__Htext7                        text7        000000
__Htext8                        text8        000000
__Htext9                        text9        000000
__LRAM                          (abs)        000001
__Labs1                         abs1         000000
__Lbank0                        bank0        000000
__Lbank1                        bank1        000000
__Lbank2                        bank2        000000
__Lbank3                        bank3        000000
__Lbank4                        bank4        000000
__Lbank5                        bank5        000000
__Lbigbss                       bigbss       000000
__Lbigdata                      bigdata      000000
__Lbigram                       bigram       000000
__Lbss                          bss          000000
__LbssBANK0                     bssBANK0     000000
__LbssBIGRAM                    bssBIGRAM    000000
__LbssCOMRAM                    bssCOMRAM    000000
__Lcinit                        cinit        000000
__Lclrtext                      clrtext      000000
__Lcomram                       comram       000000
__Lconfig                       config       300000
__Lconst                        const        000000
__LcstackBANK0                  cstackBANK0  000000
__LcstackBANK1                  cstackBANK1  000000
__LcstackCOMRAM                 cstackCOMRAM 000000
__Ldata                         data         000000
__LdataBANK0                    dataBANK0    000000
__LdataBANK1                    dataBANK1    000000
__LdataBANK2                    dataBANK2    000000
__LdataCOMRAM                   dataCOMRAM   000000
__Leeprom_data                  eeprom_data  000000
__Lfarbss                       farbss       000000
__Lfardata                      fardata      000000
__Libigdata                     ibigdata     000000
__Lidata                        idata        000000
__LidataBANK0                   idataBANK0   000000
__LidataBANK1                   idataBANK1   000000
__LidataBANK2                   idataBANK2   000000
__LidataCOMRAM                  idataCOMRAM  000000
__Lidloc                        idloc        200000
__Lifardata                     ifardata     000000
__Linit                         init         000058
__Lintcode                      intcode      000008
__Lintcode_body                 intcode_body 000000
__Lintcodelo                    intcodelo    000018
__Lintentry                     intentry     000000
__Lintret                       intret       000000
__Lintsave_regs                 intsave_regs 000000
__Lirdata                       irdata       000000
__Lmediumconst                  mediumconst  000000
__LnvFARRAM                     nvFARRAM     000000
__Lnvbit                        nvbit        000000
__Lnvrram                       nvrram       000000
__Lparam                        rparam       000000
__Lpowerup                      powerup      000058
__Lram                          ram          000000
__Lramtop                       ramtop       000600
__Lrbit                         rbit         000000
__Lrbss                         rbss         000000
__Lrdata                        rdata        000000
__Lreset_vec                    reset_vec    000000
__Lrparam                       rparam       000000
__Lsfr                          sfr          000000
__Lsmallconst                   smallconst   000600
__Lspace_0                      (abs)        000000
__Lspace_1                      (abs)        000000
__Lspace_2                      (abs)        000000
__Lstack                        stack        000000
__Lstruct                       struct       000000
__Ltemp                         temp         000072
__Ltext                         text         000000
__Ltext0                        text0        000000
__Ltext1                        text1        000000
__Ltext10                       text10       000000
__Ltext11                       text11       000000
__Ltext12                       text12       000000
__Ltext13                       text13       000000
__Ltext14                       text14       000000
__Ltext15                       text15       000000
__Ltext16                       text16       000000
__Ltext17                       text17       000000
__Ltext18                       text18       000000
__Ltext19                       text19       000000
__Ltext2                        text2        000000
__Ltext20                       text20       000000
__Ltext21                       text21       000000
__Ltext22                       text22       000000
__Ltext23                       text23       000000
__Ltext24                       text24       000000
__Ltext25                       text25       000000
__Ltext26                       text26       000000
__Ltext28                       text28       000000
__Ltext29                       text29       000000
__Ltext3                        text3        000000
__Ltext30                       text30       000000
__Ltext4                        text4        000000
__Ltext5                        text5        000000
__Ltext6                        text6        000000
__Ltext7                        text7        000000
__Ltext8                        text8        000000
__Ltext9                        text9        000000
__S0                            (abs)        30000E
__S1                            (abs)        0004BC
__S2                            (abs)        000000
___awmod                        text29       001ABE
___awmod@counter                cstackCOMRAM 000007
___awmod@dividend               cstackCOMRAM 000003
___awmod@divisor                cstackCOMRAM 000005
___awmod@sign                   cstackCOMRAM 000008
___fldiv                        text13       000C68
___fldiv@a                      cstackCOMRAM 000020
___fldiv@aexp                   cstackCOMRAM 000034
___fldiv@b                      cstackCOMRAM 00001C
___fldiv@bexp                   cstackCOMRAM 000033
___fldiv@grs                    cstackCOMRAM 00002F
___fldiv@new_exp                cstackCOMRAM 00002D
___fldiv@rem                    cstackCOMRAM 000028
___fldiv@sign                   cstackCOMRAM 00002C
___flge                         text15       0016EA
___flge@ff1                     cstackCOMRAM 00000E
___flge@ff2                     cstackCOMRAM 000012
___flmul                        text12       000620
___flmul@a                      cstackCOMRAM 000039
___flmul@aexp                   cstackCOMRAM 000042
___flmul@b                      cstackCOMRAM 000035
___flmul@bexp                   cstackCOMRAM 000047
___flmul@grs                    cstackCOMRAM 000043
___flmul@prod                   cstackCOMRAM 000048
___flmul@sign                   cstackCOMRAM 000041
___flmul@temp                   cstackCOMRAM 00004C
___fltol                        text11       001A04
___fltol@exp1                   cstackCOMRAM 00003E
___fltol@f1                     cstackCOMRAM 000035
___fltol@sign1                  cstackCOMRAM 00003D
___inthi_sp                     stack        000000
___intlo_sp                     stack        000000
___param_bank                   (abs)        000000
___rparam_used                  (abs)        000001
___sp                           stack        000000
___wmul                         text10       001D3C
___wmul@multiplicand            cstackCOMRAM 000010
___wmul@multiplier              cstackCOMRAM 00000E
___wmul@product                 cstackCOMRAM 000012
___xxtofl                       text14       001490
___xxtofl@arg                   cstackCOMRAM 000018
___xxtofl@exp                   cstackCOMRAM 000017
___xxtofl@sign                  cstackCOMRAM 000016
___xxtofl@val                   cstackCOMRAM 00000E
__accesstop                     (abs)        000080
__activetblptr                  (abs)        000001
__end_of_ADC_Initialize         text26       001DF0
__end_of_CCP1_Initialize        text25       001E32
__end_of_Hi_ISR                 intcode_body 0016EA
__end_of_INTERRUPT_Initialize   text24       001E2A
__end_of_Lo_ISR                 intcodelo    000058
__end_of_MyusartRead            text28       001C60
__end_of_OSCILLATOR_Initialize  text23       001E22
__end_of_PWM_Initialize         text22       001E00
__end_of_SYSTEM_Initialize      text18       001D84
__end_of_TIMER2_Initialize      text21       001E30
__end_of_TIMER3_Initialize      text20       001DDA
__end_of_Trigger_Pulse_10us     text16       001E0E
__end_of_UART_Initialize        text19       001DA6
__end_of_UART_Write             text30       001E1A
__end_of_YAMAHA                 text17       001D14
__end_of_YM2413Write            text7        00110E
__end_of___awmod                text29       001B2E
__end_of___fldiv                text13       000EF0
__end_of___flge                 text15       0017BA
__end_of___flmul                text12       000972
__end_of___fltol                text11       001ABE
__end_of___wmul                 text10       001D62
__end_of___xxtofl               text14       0015D0
__end_of__initialization        cinit        0019F2
__end_of_canon                  text3        000C68
__end_of_delay_ms               text9        001D3C
__end_of_detect1                text2        001490
__end_of_get_bits               text8        001C1C
__end_of_main                   text0        001CDC
__end_of_modifyBit              text6        001B90
__end_of_playNote               text5        001324
__end_of_sevenSetting           text1        001DC0
__end_of_stopNote               text4        001BD6
__initialization                cinit        001946
__mediumconst                   mediumconst  000000
__pbssBANK0                     bssBANK0     000080
__pbssBIGRAM                    bssBIGRAM    0002C8
__pbssCOMRAM                    bssCOMRAM    000052
__pcinit                        cinit        001946
__pcstackBANK0                  cstackBANK0  0000FE
__pcstackBANK1                  cstackBANK1  0001C4
__pcstackCOMRAM                 cstackCOMRAM 000001
__pdataBANK0                    dataBANK0    0000C0
__pdataBANK1                    dataBANK1    000100
__pdataBANK2                    dataBANK2    000200
__pdataCOMRAM                   dataCOMRAM   00006E
__pidataBANK0                   idataBANK0   001C60
__pidataBANK1                   idataBANK1   001882
__pidataBANK2                   idataBANK2   0017BA
__pidataCOMRAM                  idataCOMRAM  001E2A
__pintcode                      intcode      000008
__pintcode_body                 intcode_body 0015D0
__pintcodelo                    intcodelo    000018
__psmallconst                   smallconst   000600
__ptext0                        text0        001C9E
__ptext1                        text1        001DA6
__ptext10                       text10       001D3C
__ptext11                       text11       001A04
__ptext12                       text12       000620
__ptext13                       text13       000C68
__ptext14                       text14       001490
__ptext15                       text15       0016EA
__ptext16                       text16       001E00
__ptext17                       text17       001CDC
__ptext18                       text18       001D62
__ptext19                       text19       001D84
__ptext2                        text2        001324
__ptext20                       text20       001DC0
__ptext21                       text21       001E2E
__ptext22                       text22       001DF0
__ptext23                       text23       001E1A
__ptext24                       text24       001E22
__ptext25                       text25       001E30
__ptext26                       text26       001DDA
__ptext28                       text28       001C1C
__ptext29                       text29       001ABE
__ptext3                        text3        000972
__ptext30                       text30       001E0E
__ptext4                        text4        001B90
__ptext5                        text5        00110E
__ptext6                        text6        001B2E
__ptext7                        text7        000EF0
__ptext8                        text8        001BD6
__ptext9                        text9        001D14
__ramtop                        ramtop       000600
__size_of_ADC_Initialize        (abs)        000000
__size_of_CCP1_Initialize       (abs)        000000
__size_of_Hi_ISR                (abs)        000000
__size_of_INTERRUPT_Initialize  (abs)        000000
__size_of_Lo_ISR                (abs)        000000
__size_of_MyusartRead           (abs)        000000
__size_of_OSCILLATOR_Initialize (abs)        000000
__size_of_PWM_Initialize        (abs)        000000
__size_of_SYSTEM_Initialize     (abs)        000000
__size_of_TIMER2_Initialize     (abs)        000000
__size_of_TIMER3_Initialize     (abs)        000000
__size_of_Trigger_Pulse_10us    (abs)        000000
__size_of_UART_Initialize       (abs)        000000
__size_of_UART_Write            (abs)        000000
__size_of_YAMAHA                (abs)        000000
__size_of_YM2413Write           (abs)        000000
__size_of___awmod               (abs)        000000
__size_of___fldiv               (abs)        000000
__size_of___flge                (abs)        000000
__size_of___flmul               (abs)        000000
__size_of___fltol               (abs)        000000
__size_of___wmul                (abs)        000000
__size_of___xxtofl              (abs)        000000
__size_of_canon                 (abs)        000000
__size_of_delay_ms              (abs)        000000
__size_of_detect1               (abs)        000000
__size_of_get_bits              (abs)        000000
__size_of_main                  (abs)        000000
__size_of_modifyBit             (abs)        000000
__size_of_playNote              (abs)        000000
__size_of_sevenSetting          (abs)        000000
__size_of_stopNote              (abs)        000000
__smallconst                    smallconst   000600
_auto_flag                      bssBANK0     0000B0
_backHome                       bssBANK0     00009E
_bee                            dataBANK2    000264
_blink_cnt                      bssBANK0     0000A8
_blink_mode                     bssBANK0     0000AA
_breath_flag                    bssBANK0     00009C
_canon                          text3        000972
_clk_cnt                        bssBANK0     0000B2
_cnt                            bssCOMRAM    000056
_cnt2                           bssBANK0     0000B4
_delay_ms                       text9        001D14
_detect1                        text2        001324
_dummy                          bssCOMRAM    00006D
_fnumbers                       dataBANK0    0000D8
_get_bits                       text8        001BD6
_half_cycle                     bssCOMRAM    00005E
_i                              bssCOMRAM    000058
_index                          bssCOMRAM    00005C
_lenStr                         bssCOMRAM    00006A
_lightUp                        bssBANK0     0000A0
_main                           text0        001C9E
_max_cnt                        bssBANK0     0000A6
_max_cnt2                       dataBANK0    0000FC
_max_past_cnt                   dataBANK0    0000FA
_mflag                          bssCOMRAM    00006C
_modifyBit                      text6        001B2E
_music_cnt                      bssBANK0     00009A
_music_duty                     bssBANK0     000096
_music_index                    bssBANK0     000098
_mystring                       bssBANK0     0000B6
_notes                          dataBANK0    0000C0
_numLed                         bssBANK0     0000A2
_numUnit                        bssBANK0     0000A4
_past                           bssBANK0     00008A
_past_cnt                       bssBANK0     0000AC
_playNote                       text5        00110E
_record                         bssCOMRAM    000062
_rm                             bssBIGRAM    0002C8
_rm_header                      bssCOMRAM    000060
_sevenSetting                   text1        001DA6
_stopNote                       text4        001B90
_str                            bssBANK0     000080
_tmr_cnt                        bssCOMRAM    00005A
_turn                           dataCOMRAM   000070
_turnCount                      bssCOMRAM    000064
_value                          bssBANK0     0000AE
_waitBee                        dataBANK2    000200
_waitXmas                       dataBANK1    000100
_x                              dataCOMRAM   00006E
btemp                           temp         000072
canon@base_instrument           cstackBANK1  0001C4
canon@bpm                       cstackBANK1  0001C8
canon@main_instrument           cstackBANK1  0001C6
canon@time                      cstackCOMRAM 00004E
delay_ms@x                      cstackCOMRAM 00003F
detect1@ring                    cstackBANK1  0001CE
end_of_initialization           cinit        0019F2
get_bits@n                      cstackCOMRAM 00000E
get_bits@result                 cstackCOMRAM 000016
get_bits@target                 cstackCOMRAM 000010
int$flags                       temp         000072
int_func                        intcode_body 0015D0
intlevel0                       text         000000
intlevel1                       text         000000
intlevel2                       text         000000
intlevel3                       text         000000
modifyBit@b                     cstackCOMRAM 00001C
modifyBit@mask                  cstackCOMRAM 000023
modifyBit@n                     cstackCOMRAM 000018
modifyBit@p                     cstackCOMRAM 00001A
playNote@channel                cstackCOMRAM 000025
playNote@i                      cstackCOMRAM 000035
playNote@instrument             cstackCOMRAM 00002B
playNote@note                   cstackCOMRAM 000027
playNote@noteNumber             cstackCOMRAM 000033
playNote@oct                    cstackCOMRAM 000029
playNote@vol                    cstackCOMRAM 00002D
playNote@yB20                   cstackCOMRAM 000037
playNote@yB30                   cstackCOMRAM 000031
showPace@F3090                  dataBANK0    0000F0
stackhi                         (abs)        0005FF
stacklo                         (abs)        0004BC
start                           init         000058
start_initialization            cinit        001946
stopNote@channel                cstackCOMRAM 000025
stopNote@sustain                cstackCOMRAM 000027
stopNote@yB20                   cstackCOMRAM 000029
ttemp5                          temp         000073
ttemp6                          temp         000076
ttemp7                          temp         00007A
wtemp8                          temp         000073


FUNCTION INFORMATION:

 *************** function _main *****************
 Defined at:
		line 279 in file "main.c"
 Parameters:    Size  Location     Type
		None
 Auto vars:     Size  Location     Type
		None
 Return value:  Size  Location     Type
                  1    wreg      void 
 Registers used:
		wreg, fsr2l, fsr2h, status,2, status,0, prodl, prodh, cstack
 Tracked objects:
		On entry : 
		On exit  : 
		Unchanged: 
 Data sizes:     COMRAM   BANK0   BANK1   BANK2   BANK3   BANK4   BANK5
      Params:         0       0       0       0       0       0       0
      Locals:         0       0       0       0       0       0       0
      Temps:          0       0       0       0       0       0       0
      Totals:         0       0       0       0       0       0       0
Total ram usage:        0 bytes
 Hardware stack levels required when called:    9
 This function calls:
		_SYSTEM_Initialize
		_YAMAHA
		_detect1
		_sevenSetting
 This function is called by:
		Startup code after reset
 This function uses a non-reentrant model


 *************** function _sevenSetting *****************
 Defined at:
		line 197 in file "main.c"
 Parameters:    Size  Location     Type
		None
 Auto vars:     Size  Location     Type
		None
 Return value:  Size  Location     Type
                  1    wreg      void 
 Registers used:
		None
 Tracked objects:
		On entry : 
		On exit  : 
		Unchanged: 
 Data sizes:     COMRAM   BANK0   BANK1   BANK2   BANK3   BANK4   BANK5
      Params:         0       0       0       0       0       0       0
      Locals:         0       0       0       0       0       0       0
      Temps:          0       0       0       0       0       0       0
      Totals:         0       0       0       0       0       0       0
Total ram usage:        0 bytes
 Hardware stack levels used:    1
 Hardware stack levels required when called:    4
 This function calls:
		Nothing
 This function is called by:
		_main
 This function uses a non-reentrant model


 *************** function _detect1 *****************
 Defined at:
		line 214 in file "main.c"
 Parameters:    Size  Location     Type
		None
 Auto vars:     Size  Location     Type
  Distance2       2    0        int 
  ring            2   10[BANK1 ] int 
 Return value:  Size  Location     Type
                  1    wreg      void 
 Registers used:
		wreg, fsr2l, fsr2h, status,2, status,0, prodl, prodh, cstack
 Tracked objects:
		On entry : 
		On exit  : 
		Unchanged: 
 Data sizes:     COMRAM   BANK0   BANK1   BANK2   BANK3   BANK4   BANK5
      Params:         0       0       0       0       0       0       0
      Locals:         0       0       4       0       0       0       0
      Temps:          0       1       0       0       0       0       0
      Totals:         0       1       4       0       0       0       0
Total ram usage:        5 bytes
 Hardware stack levels used:    1
 Hardware stack levels required when called:    8
 This function calls:
		_Trigger_Pulse_10us
		___fldiv
		___flge
		___flmul
		___fltol
		___xxtofl
		_canon
 This function is called by:
		_main
 This function uses a non-reentrant model


 *************** function _canon *****************
 Defined at:
		line 156 in file "setting_hardaware/ym2413.c"
 Parameters:    Size  Location     Type
  base_instrum    2    0[BANK1 ] int 
  main_instrum    2    2[BANK1 ] int 
  bpm             4    4[BANK1 ] float 
 Auto vars:     Size  Location     Type
  time            4   77[COMRAM] float 
 Return value:  Size  Location     Type
                  1    wreg      void 
 Registers used:
		wreg, fsr2l, fsr2h, status,2, status,0, prodl, prodh, cstack
 Tracked objects:
		On entry : 
		On exit  : 
		Unchanged: 
 Data sizes:     COMRAM   BANK0   BANK1   BANK2   BANK3   BANK4   BANK5
      Params:         0       0       8       0       0       0       0
      Locals:         4       0       0       0       0       0       0
      Temps:          0       0       0       0       0       0       0
      Totals:         4       0       8       0       0       0       0
Total ram usage:       12 bytes
 Hardware stack levels used:    1
 Hardware stack levels required when called:    7
 This function calls:
		___fldiv
		___flmul
		___fltol
		_delay_ms
		_playNote
		_stopNote
 This function is called by:
		_detect1
 This function uses a non-reentrant model


 *************** function _stopNote *****************
 Defined at:
		line 137 in file "setting_hardaware/ym2413.c"
 Parameters:    Size  Location     Type
  channel         2   36[COMRAM] int 
  sustain         2   38[COMRAM] int 
 Auto vars:     Size  Location     Type
  yB20            2   40[COMRAM] int 
 Return value:  Size  Location     Type
                  1    wreg      void 
 Registers used:
		wreg, status,2, status,0, cstack
 Tracked objects:
		On entry : 
		On exit  : 
		Unchanged: 
 Data sizes:     COMRAM   BANK0   BANK1   BANK2   BANK3   BANK4   BANK5
      Params:         4       0       0       0       0       0       0
      Locals:         2       0       0       0       0       0       0
      Temps:          0       0       0       0       0       0       0
      Totals:         6       0       0       0       0       0       0
Total ram usage:        6 bytes
 Hardware stack levels used:    1
 Hardware stack levels required when called:    6
 This function calls:
		_YM2413Write
		_modifyBit
 This function is called by:
		_canon
 This function uses a non-reentrant model


 *************** function _playNote *****************
 Defined at:
		line 107 in file "setting_hardaware/ym2413.c"
 Parameters:    Size  Location     Type
  channel         2   36[COMRAM] int 
  note            2   38[COMRAM] PTR unsigned char 
		 -> STR_30(2), STR_29(3), STR_28(2), STR_27(3), 
		 -> STR_26(2), STR_25(2), 
  oct             2   40[COMRAM] int 
  instrument      2   42[COMRAM] int 
  vol             2   44[COMRAM] int 
 Auto vars:     Size  Location     Type
  i               2   52[COMRAM] int 
  yB20            2   54[COMRAM] int 
  noteNumber      2   50[COMRAM] int 
  yB30            2   48[COMRAM] int 
 Return value:  Size  Location     Type
                  1    wreg      void 
 Registers used:
		wreg, fsr2l, fsr2h, status,2, status,0, cstack
 Tracked objects:
		On entry : 
		On exit  : 
		Unchanged: 
 Data sizes:     COMRAM   BANK0   BANK1   BANK2   BANK3   BANK4   BANK5
      Params:        10       0       0       0       0       0       0
      Locals:         8       0       0       0       0       0       0
      Temps:          2       0       0       0       0       0       0
      Totals:        20       0       0       0       0       0       0
Total ram usage:       20 bytes
 Hardware stack levels used:    1
 Hardware stack levels required when called:    6
 This function calls:
		_YM2413Write
		_get_bits
		_modifyBit
 This function is called by:
		_canon
 This function uses a non-reentrant model


 *************** function _modifyBit *****************
 Defined at:
		line 63 in file "setting_hardaware/ym2413.c"
 Parameters:    Size  Location     Type
  n               2   23[COMRAM] int 
  p               2   25[COMRAM] int 
  b               2   27[COMRAM] int 
 Auto vars:     Size  Location     Type
  mask            2   34[COMRAM] int 
 Return value:  Size  Location     Type
                  2   23[COMRAM] int 
 Registers used:
		wreg, status,2, status,0
 Tracked objects:
		On entry : 
		On exit  : 
		Unchanged: 
 Data sizes:     COMRAM   BANK0   BANK1   BANK2   BANK3   BANK4   BANK5
      Params:         6       0       0       0       0       0       0
      Locals:         2       0       0       0       0       0       0
      Temps:          5       0       0       0       0       0       0
      Totals:        13       0       0       0       0       0       0
Total ram usage:       13 bytes
 Hardware stack levels used:    1
 Hardware stack levels required when called:    4
 This function calls:
		Nothing
 This function is called by:
		_playNote
		_stopNote
 This function uses a non-reentrant model


 *************** function _YM2413Write *****************
 Defined at:
		line 68 in file "setting_hardaware/ym2413.c"
 Parameters:    Size  Location     Type
  address         2   23[COMRAM] int 
  data            2   25[COMRAM] int 
 Auto vars:     Size  Location     Type
		None
 Return value:  Size  Location     Type
                  1    wreg      void 
 Registers used:
		wreg, status,2, status,0, cstack
 Tracked objects:
		On entry : 
		On exit  : 
		Unchanged: 
 Data sizes:     COMRAM   BANK0   BANK1   BANK2   BANK3   BANK4   BANK5
      Params:         4       0       0       0       0       0       0
      Locals:         0       0       0       0       0       0       0
      Temps:          0       0       0       0       0       0       0
      Totals:         4       0       0       0       0       0       0
Total ram usage:        4 bytes
 Hardware stack levels used:    1
 Hardware stack levels required when called:    5
 This function calls:
		_get_bits
 This function is called by:
		_playNote
		_stopNote
 This function uses a non-reentrant model


 *************** function _get_bits *****************
 Defined at:
		line 58 in file "setting_hardaware/ym2413.c"
 Parameters:    Size  Location     Type
  n               2   13[COMRAM] int 
  target          2   15[COMRAM] int 
 Auto vars:     Size  Location     Type
  result          2   21[COMRAM] int 
 Return value:  Size  Location     Type
                  2   13[COMRAM] int 
 Registers used:
		wreg, status,2, status,0
 Tracked objects:
		On entry : 
		On exit  : 
		Unchanged: 
 Data sizes:     COMRAM   BANK0   BANK1   BANK2   BANK3   BANK4   BANK5
      Params:         4       0       0       0       0       0       0
      Locals:         2       0       0       0       0       0       0
      Temps:          4       0       0       0       0       0       0
      Totals:        10       0       0       0       0       0       0
Total ram usage:       10 bytes
 Hardware stack levels used:    1
 Hardware stack levels required when called:    4
 This function calls:
		Nothing
 This function is called by:
		_YM2413Write
		_playNote
 This function uses a non-reentrant model


 *************** function _delay_ms *****************
 Defined at:
		line 143 in file "setting_hardaware/ym2413.c"
 Parameters:    Size  Location     Type
  x               2   62[COMRAM] int 
 Auto vars:     Size  Location     Type
		None
 Return value:  Size  Location     Type
                  1    wreg      void 
 Registers used:
		wreg, status,2, status,0, prodl, prodh, cstack
 Tracked objects:
		On entry : 
		On exit  : 
		Unchanged: 
 Data sizes:     COMRAM   BANK0   BANK1   BANK2   BANK3   BANK4   BANK5
      Params:         2       0       0       0       0       0       0
      Locals:         0       0       0       0       0       0       0
      Temps:          0       0       0       0       0       0       0
      Totals:         2       0       0       0       0       0       0
Total ram usage:        2 bytes
 Hardware stack levels used:    1
 Hardware stack levels required when called:    5
 This function calls:
		___wmul
 This function is called by:
		_canon
 This function uses a non-reentrant model


 *************** function ___wmul *****************
 Defined at:
		line 15 in file "C:\Program Files (x86)\Microchip\xc8\v2.05\pic\sources\c99\common\Umul16.c"
 Parameters:    Size  Location     Type
  multiplier      2   13[COMRAM] unsigned int 
  multiplicand    2   15[COMRAM] unsigned int 
 Auto vars:     Size  Location     Type
  product         2   17[COMRAM] unsigned int 
 Return value:  Size  Location     Type
                  2   13[COMRAM] unsigned int 
 Registers used:
		wreg, status,2, status,0, prodl, prodh
 Tracked objects:
		On entry : 
		On exit  : 
		Unchanged: 
 Data sizes:     COMRAM   BANK0   BANK1   BANK2   BANK3   BANK4   BANK5
      Params:         4       0       0       0       0       0       0
      Locals:         2       0       0       0       0       0       0
      Temps:          0       0       0       0       0       0       0
      Totals:         6       0       0       0       0       0       0
Total ram usage:        6 bytes
 Hardware stack levels used:    1
 Hardware stack levels required when called:    4
 This function calls:
		Nothing
 This function is called by:
		_delay_ms
		_delay
 This function uses a non-reentrant model


 *************** function ___fltol *****************
 Defined at:
		line 43 in file "C:\Program Files (x86)\Microchip\xc8\v2.05\pic\sources\c99\common\fltol.c"
 Parameters:    Size  Location     Type
  f1              4   52[COMRAM] unsigned int 
 Auto vars:     Size  Location     Type
  exp1            1   61[COMRAM] unsigned char 
  sign1           1   60[COMRAM] unsigned char 
 Return value:  Size  Location     Type
                  4   52[COMRAM] long 
 Registers used:
		wreg, status,2, status,0
 Tracked objects:
		On entry : 
		On exit  : 
		Unchanged: 
 Data sizes:     COMRAM   BANK0   BANK1   BANK2   BANK3   BANK4   BANK5
      Params:         4       0       0       0       0       0       0
      Locals:         2       0       0       0       0       0       0
      Temps:          4       0       0       0       0       0       0
      Totals:        10       0       0       0       0       0       0
Total ram usage:       10 bytes
 Hardware stack levels used:    1
 Hardware stack levels required when called:    4
 This function calls:
		Nothing
 This function is called by:
		_detect1
		_canon
 This function uses a non-reentrant model


 *************** function ___flmul *****************
 Defined at:
		line 8 in file "C:\Program Files (x86)\Microchip\xc8\v2.05\pic\sources\c99\common\sprcmul.c"
 Parameters:    Size  Location     Type
  b               4   52[COMRAM] long 
  a               4   56[COMRAM] long 
 Auto vars:     Size  Location     Type
  prod            4   71[COMRAM] struct .
  grs             4   66[COMRAM] unsigned long 
  temp            2   75[COMRAM] struct .
  bexp            1   70[COMRAM] unsigned char 
  aexp            1   65[COMRAM] unsigned char 
  sign            1   64[COMRAM] unsigned char 
 Return value:  Size  Location     Type
                  4   52[COMRAM] unsigned char 
 Registers used:
		wreg, status,2, status,0, prodl, prodh
 Tracked objects:
		On entry : 
		On exit  : 
		Unchanged: 
 Data sizes:     COMRAM   BANK0   BANK1   BANK2   BANK3   BANK4   BANK5
      Params:         8       0       0       0       0       0       0
      Locals:        13       0       0       0       0       0       0
      Temps:          4       0       0       0       0       0       0
      Totals:        25       0       0       0       0       0       0
Total ram usage:       25 bytes
 Hardware stack levels used:    1
 Hardware stack levels required when called:    4
 This function calls:
		Nothing
 This function is called by:
		_detect1
		_canon
 This function uses a non-reentrant model


 *************** function ___fldiv *****************
 Defined at:
		line 11 in file "C:\Program Files (x86)\Microchip\xc8\v2.05\pic\sources\c99\common\sprcdiv.c"
 Parameters:    Size  Location     Type
  b               4   27[COMRAM] unsigned char 
  a               4   31[COMRAM] unsigned char 
 Auto vars:     Size  Location     Type
  grs             4   46[COMRAM] unsigned long 
  rem             4   39[COMRAM] unsigned long 
  new_exp         2   44[COMRAM] short 
  aexp            1   51[COMRAM] unsigned char 
  bexp            1   50[COMRAM] unsigned char 
  sign            1   43[COMRAM] unsigned char 
 Return value:  Size  Location     Type
                  4   27[COMRAM] unsigned char 
 Registers used:
		wreg, status,2, status,0
 Tracked objects:
		On entry : 
		On exit  : 
		Unchanged: 
 Data sizes:     COMRAM   BANK0   BANK1   BANK2   BANK3   BANK4   BANK5
      Params:         8       0       0       0       0       0       0
      Locals:        13       0       0       0       0       0       0
      Temps:          4       0       0       0       0       0       0
      Totals:        25       0       0       0       0       0       0
Total ram usage:       25 bytes
 Hardware stack levels used:    1
 Hardware stack levels required when called:    4
 This function calls:
		Nothing
 This function is called by:
		_detect1
		_canon
 This function uses a non-reentrant model


 *************** function ___xxtofl *****************
 Defined at:
		line 10 in file "C:\Program Files (x86)\Microchip\xc8\v2.05\pic\sources\c99\common\xxtofl.c"
 Parameters:    Size  Location     Type
  sign            1    wreg     unsigned char 
  val             4   13[COMRAM] long 
 Auto vars:     Size  Location     Type
  sign            1   21[COMRAM] unsigned char 
  arg             4   23[COMRAM] unsigned long 
  exp             1   22[COMRAM] unsigned char 
 Return value:  Size  Location     Type
                  4   13[COMRAM] unsigned char 
 Registers used:
		wreg, status,2, status,0
 Tracked objects:
		On entry : 
		On exit  : 
		Unchanged: 
 Data sizes:     COMRAM   BANK0   BANK1   BANK2   BANK3   BANK4   BANK5
      Params:         4       0       0       0       0       0       0
      Locals:         6       0       0       0       0       0       0
      Temps:          4       0       0       0       0       0       0
      Totals:        14       0       0       0       0       0       0
Total ram usage:       14 bytes
 Hardware stack levels used:    1
 Hardware stack levels required when called:    4
 This function calls:
		Nothing
 This function is called by:
		_detect1
 This function uses a non-reentrant model


 *************** function ___flge *****************
 Defined at:
		line 4 in file "C:\Program Files (x86)\Microchip\xc8\v2.05\pic\sources\c99\common\flge.c"
 Parameters:    Size  Location     Type
  ff1             4   13[COMRAM] unsigned char 
  ff2             4   17[COMRAM] unsigned char 
 Auto vars:     Size  Location     Type
		None
 Return value:  Size  Location     Type
		None               void
 Registers used:
		wreg, status,2, status,0
 Tracked objects:
		On entry : 
		On exit  : 
		Unchanged: 
 Data sizes:     COMRAM   BANK0   BANK1   BANK2   BANK3   BANK4   BANK5
      Params:         8       0       0       0       0       0       0
      Locals:         0       0       0       0       0       0       0
      Temps:          4       0       0       0       0       0       0
      Totals:        12       0       0       0       0       0       0
Total ram usage:       12 bytes
 Hardware stack levels used:    1
 Hardware stack levels required when called:    4
 This function calls:
		Nothing
 This function is called by:
		_detect1
 This function uses a non-reentrant model


 *************** function _Trigger_Pulse_10us *****************
 Defined at:
		line 154 in file "main.c"
 Parameters:    Size  Location     Type
		None
 Auto vars:     Size  Location     Type
		None
 Return value:  Size  Location     Type
                  1    wreg      void 
 Registers used:
		wreg
 Tracked objects:
		On entry : 
		On exit  : 
		Unchanged: 
 Data sizes:     COMRAM   BANK0   BANK1   BANK2   BANK3   BANK4   BANK5
      Params:         0       0       0       0       0       0       0
      Locals:         0       0       0       0       0       0       0
      Temps:          0       0       0       0       0       0       0
      Totals:         0       0       0       0       0       0       0
Total ram usage:        0 bytes
 Hardware stack levels used:    1
 Hardware stack levels required when called:    4
 This function calls:
		Nothing
 This function is called by:
		_detect1
 This function uses a non-reentrant model


 *************** function _YAMAHA *****************
 Defined at:
		line 10 in file "setting_hardaware/ym2413.c"
 Parameters:    Size  Location     Type
		None
 Auto vars:     Size  Location     Type
		None
 Return value:  Size  Location     Type
                  1    wreg      void 
 Registers used:
		wreg
 Tracked objects:
		On entry : 
		On exit  : 
		Unchanged: 
 Data sizes:     COMRAM   BANK0   BANK1   BANK2   BANK3   BANK4   BANK5
      Params:         0       0       0       0       0       0       0
      Locals:         0       0       0       0       0       0       0
      Temps:          1       0       0       0       0       0       0
      Totals:         1       0       0       0       0       0       0
Total ram usage:        1 bytes
 Hardware stack levels used:    1
 Hardware stack levels required when called:    4
 This function calls:
		Nothing
 This function is called by:
		_main
 This function uses a non-reentrant model


 *************** function _SYSTEM_Initialize *****************
 Defined at:
		line 81 in file "setting_hardaware/setting.c"
 Parameters:    Size  Location     Type
		None
 Auto vars:     Size  Location     Type
		None
 Return value:  Size  Location     Type
                  1    wreg      void 
 Registers used:
		wreg, status,2, cstack
 Tracked objects:
		On entry : 
		On exit  : 
		Unchanged: 
 Data sizes:     COMRAM   BANK0   BANK1   BANK2   BANK3   BANK4   BANK5
      Params:         0       0       0       0       0       0       0
      Locals:         0       0       0       0       0       0       0
      Temps:          0       0       0       0       0       0       0
      Totals:         0       0       0       0       0       0       0
Total ram usage:        0 bytes
 Hardware stack levels used:    1
 Hardware stack levels required when called:    5
 This function calls:
		_ADC_Initialize
		_CCP1_Initialize
		_INTERRUPT_Initialize
		_OSCILLATOR_Initialize
		_PWM_Initialize
		_TIMER2_Initialize
		_TIMER3_Initialize
		_UART_Initialize
 This function is called by:
		_main
 This function uses a non-reentrant model


 *************** function _UART_Initialize *****************
 Defined at:
		line 7 in file "setting_hardaware/uart.c"
 Parameters:    Size  Location     Type
		None
 Auto vars:     Size  Location     Type
		None
 Return value:  Size  Location     Type
                  1    wreg      void 
 Registers used:
		wreg, status,2
 Tracked objects:
		On entry : 
		On exit  : 
		Unchanged: 
 Data sizes:     COMRAM   BANK0   BANK1   BANK2   BANK3   BANK4   BANK5
      Params:         0       0       0       0       0       0       0
      Locals:         0       0       0       0       0       0       0
      Temps:          0       0       0       0       0       0       0
      Totals:         0       0       0       0       0       0       0
Total ram usage:        0 bytes
 Hardware stack levels used:    1
 Hardware stack levels required when called:    4
 This function calls:
		Nothing
 This function is called by:
		_SYSTEM_Initialize
 This function uses a non-reentrant model


 *************** function _TIMER3_Initialize *****************
 Defined at:
		line 65 in file "setting_hardaware/setting.c"
 Parameters:    Size  Location     Type
		None
 Auto vars:     Size  Location     Type
		None
 Return value:  Size  Location     Type
                  1    wreg      void 
 Registers used:
		wreg, status,2
 Tracked objects:
		On entry : 
		On exit  : 
		Unchanged: 
 Data sizes:     COMRAM   BANK0   BANK1   BANK2   BANK3   BANK4   BANK5
      Params:         0       0       0       0       0       0       0
      Locals:         0       0       0       0       0       0       0
      Temps:          0       0       0       0       0       0       0
      Totals:         0       0       0       0       0       0       0
Total ram usage:        0 bytes
 Hardware stack levels used:    1
 Hardware stack levels required when called:    4
 This function calls:
		Nothing
 This function is called by:
		_SYSTEM_Initialize
 This function uses a non-reentrant model


 *************** function _TIMER2_Initialize *****************
 Defined at:
		line 3 in file "setting_hardaware/tmr2.c"
 Parameters:    Size  Location     Type
		None
 Auto vars:     Size  Location     Type
		None
 Return value:  Size  Location     Type
                  1    wreg      void 
 Registers used:
		None
 Tracked objects:
		On entry : 
		On exit  : 
		Unchanged: 
 Data sizes:     COMRAM   BANK0   BANK1   BANK2   BANK3   BANK4   BANK5
      Params:         0       0       0       0       0       0       0
      Locals:         0       0       0       0       0       0       0
      Temps:          0       0       0       0       0       0       0
      Totals:         0       0       0       0       0       0       0
Total ram usage:        0 bytes
 Hardware stack levels used:    1
 Hardware stack levels required when called:    4
 This function calls:
		Nothing
 This function is called by:
		_SYSTEM_Initialize
 This function uses a non-reentrant model


 *************** function _PWM_Initialize *****************
 Defined at:
		line 4 in file "setting_hardaware/pwm.c"
 Parameters:    Size  Location     Type
		None
 Auto vars:     Size  Location     Type
		None
 Return value:  Size  Location     Type
                  1    wreg      void 
 Registers used:
		wreg, status,2
 Tracked objects:
		On entry : 
		On exit  : 
		Unchanged: 
 Data sizes:     COMRAM   BANK0   BANK1   BANK2   BANK3   BANK4   BANK5
      Params:         0       0       0       0       0       0       0
      Locals:         0       0       0       0       0       0       0
      Temps:          0       0       0       0       0       0       0
      Totals:         0       0       0       0       0       0       0
Total ram usage:        0 bytes
 Hardware stack levels used:    1
 Hardware stack levels required when called:    4
 This function calls:
		Nothing
 This function is called by:
		_SYSTEM_Initialize
 This function uses a non-reentrant model


 *************** function _OSCILLATOR_Initialize *****************
 Defined at:
		line 96 in file "setting_hardaware/setting.c"
 Parameters:    Size  Location     Type
		None
 Auto vars:     Size  Location     Type
		None
 Return value:  Size  Location     Type
                  1    wreg      void 
 Registers used:
		None
 Tracked objects:
		On entry : 
		On exit  : 
		Unchanged: 
 Data sizes:     COMRAM   BANK0   BANK1   BANK2   BANK3   BANK4   BANK5
      Params:         0       0       0       0       0       0       0
      Locals:         0       0       0       0       0       0       0
      Temps:          0       0       0       0       0       0       0
      Totals:         0       0       0       0       0       0       0
Total ram usage:        0 bytes
 Hardware stack levels used:    1
 Hardware stack levels required when called:    4
 This function calls:
		Nothing
 This function is called by:
		_SYSTEM_Initialize
 This function uses a non-reentrant model


 *************** function _INTERRUPT_Initialize *****************
 Defined at:
		line 3 in file "setting_hardaware/interrupt_manager.c"
 Parameters:    Size  Location     Type
		None
 Auto vars:     Size  Location     Type
		None
 Return value:  Size  Location     Type
                  1    wreg      void 
 Registers used:
		None
 Tracked objects:
		On entry : 
		On exit  : 
		Unchanged: 
 Data sizes:     COMRAM   BANK0   BANK1   BANK2   BANK3   BANK4   BANK5
      Params:         0       0       0       0       0       0       0
      Locals:         0       0       0       0       0       0       0
      Temps:          0       0       0       0       0       0       0
      Totals:         0       0       0       0       0       0       0
Total ram usage:        0 bytes
 Hardware stack levels used:    1
 Hardware stack levels required when called:    4
 This function calls:
		Nothing
 This function is called by:
		_SYSTEM_Initialize
 This function uses a non-reentrant model


 *************** function _CCP1_Initialize *****************
 Defined at:
		line 3 in file "setting_hardaware/ccp1.c"
 Parameters:    Size  Location     Type
		None
 Auto vars:     Size  Location     Type
		None
 Return value:  Size  Location     Type
                  1    wreg      void 
 Registers used:
		None
 Tracked objects:
		On entry : 
		On exit  : 
		Unchanged: 
 Data sizes:     COMRAM   BANK0   BANK1   BANK2   BANK3   BANK4   BANK5
      Params:         0       0       0       0       0       0       0
      Locals:         0       0       0       0       0       0       0
      Temps:          0       0       0       0       0       0       0
      Totals:         0       0       0       0       0       0       0
Total ram usage:        0 bytes
 Hardware stack levels used:    1
 Hardware stack levels required when called:    4
 This function calls:
		Nothing
 This function is called by:
		_SYSTEM_Initialize
 This function uses a non-reentrant model


 *************** function _ADC_Initialize *****************
 Defined at:
		line 3 in file "setting_hardaware/adc.c"
 Parameters:    Size  Location     Type
		None
 Auto vars:     Size  Location     Type
		None
 Return value:  Size  Location     Type
                  1    wreg      void 
 Registers used:
		wreg, status,2
 Tracked objects:
		On entry : 
		On exit  : 
		Unchanged: 
 Data sizes:     COMRAM   BANK0   BANK1   BANK2   BANK3   BANK4   BANK5
      Params:         0       0       0       0       0       0       0
      Locals:         0       0       0       0       0       0       0
      Temps:          0       0       0       0       0       0       0
      Totals:         0       0       0       0       0       0       0
Total ram usage:        0 bytes
 Hardware stack levels used:    1
 Hardware stack levels required when called:    4
 This function calls:
		Nothing
 This function is called by:
		_SYSTEM_Initialize
 This function uses a non-reentrant model


 *************** function _Lo_ISR *****************
 Defined at:
		line 75 in file "setting_hardaware/uart.c"
 Parameters:    Size  Location     Type
		None
 Auto vars:     Size  Location     Type
		None
 Return value:  Size  Location     Type
                  1    wreg      void 
 Registers used:
		wreg, fsr2l, fsr2h, status,2, status,0, cstack
 Tracked objects:
		On entry : 
		On exit  : 
		Unchanged: 
 Data sizes:     COMRAM   BANK0   BANK1   BANK2   BANK3   BANK4   BANK5
      Params:         0       0       0       0       0       0       0
      Locals:         0       0       0       0       0       0       0
      Temps:          5       0       0       0       0       0       0
      Totals:         5       0       0       0       0       0       0
Total ram usage:        5 bytes
 Hardware stack levels used:    1
 Hardware stack levels required when called:    3
 This function calls:
		_MyusartRead
 This function is called by:
		Interrupt level 1
 This function uses a non-reentrant model


 *************** function _MyusartRead *****************
 Defined at:
		line 61 in file "setting_hardaware/uart.c"
 Parameters:    Size  Location     Type
		None
 Auto vars:     Size  Location     Type
		None
 Return value:  Size  Location     Type
                  1    wreg      void 
 Registers used:
		wreg, fsr2l, fsr2h, status,2, status,0, cstack
 Tracked objects:
		On entry : 
		On exit  : 
		Unchanged: 
 Data sizes:     COMRAM   BANK0   BANK1   BANK2   BANK3   BANK4   BANK5
      Params:         0       0       0       0       0       0       0
      Locals:         0       0       0       0       0       0       0
      Temps:          0       0       0       0       0       0       0
      Totals:         0       0       0       0       0       0       0
Total ram usage:        0 bytes
 Hardware stack levels used:    1
 Hardware stack levels required when called:    2
 This function calls:
		_UART_Write
		___awmod
 This function is called by:
		_Lo_ISR
 This function uses a non-reentrant model


 *************** function ___awmod *****************
 Defined at:
		line 7 in file "C:\Program Files (x86)\Microchip\xc8\v2.05\pic\sources\c99\common\awmod.c"
 Parameters:    Size  Location     Type
  dividend        2    2[COMRAM] int 
  divisor         2    4[COMRAM] int 
 Auto vars:     Size  Location     Type
  sign            1    7[COMRAM] unsigned char 
  counter         1    6[COMRAM] unsigned char 
 Return value:  Size  Location     Type
                  2    2[COMRAM] int 
 Registers used:
		wreg, status,2, status,0
 Tracked objects:
		On entry : 
		On exit  : 
		Unchanged: 
 Data sizes:     COMRAM   BANK0   BANK1   BANK2   BANK3   BANK4   BANK5
      Params:         4       0       0       0       0       0       0
      Locals:         2       0       0       0       0       0       0
      Temps:          0       0       0       0       0       0       0
      Totals:         6       0       0       0       0       0       0
Total ram usage:        6 bytes
 Hardware stack levels used:    1
 Hardware stack levels required when called:    1
 This function calls:
		Nothing
 This function is called by:
		_MyusartRead
		_showPace
 This function uses a non-reentrant model


 *************** function _UART_Write *****************
 Defined at:
		line 40 in file "setting_hardaware/uart.c"
 Parameters:    Size  Location     Type
  data            1    wreg     unsigned char 
 Auto vars:     Size  Location     Type
  data            1    2[COMRAM] unsigned char 
 Return value:  Size  Location     Type
                  1    wreg      void 
 Registers used:
		wreg
 Tracked objects:
		On entry : 
		On exit  : 
		Unchanged: 
 Data sizes:     COMRAM   BANK0   BANK1   BANK2   BANK3   BANK4   BANK5
      Params:         0       0       0       0       0       0       0
      Locals:         1       0       0       0       0       0       0
      Temps:          0       0       0       0       0       0       0
      Totals:         1       0       0       0       0       0       0
Total ram usage:        1 bytes
 Hardware stack levels used:    1
 Hardware stack levels required when called:    1
 This function calls:
		Nothing
 This function is called by:
		_MyusartRead
		_UART_Write_Text
 This function uses a non-reentrant model


 *************** function _Hi_ISR *****************
 Defined at:
		line 317 in file "main.c"
 Parameters:    Size  Location     Type
		None
 Auto vars:     Size  Location     Type
  i               2    0        int 
 Return value:  Size  Location     Type
                  1    wreg      void 
 Registers used:
		wreg, fsr2l, fsr2h, status,2, status,0
 Tracked objects:
		On entry : 
		On exit  : 
		Unchanged: 
 Data sizes:     COMRAM   BANK0   BANK1   BANK2   BANK3   BANK4   BANK5
      Params:         0       0       0       0       0       0       0
      Locals:         0       0       0       0       0       0       0
      Temps:          2       0       0       0       0       0       0
      Totals:         2       0       0       0       0       0       0
Total ram usage:        2 bytes
 Hardware stack levels used:    1
 This function calls:
		Nothing
 This function is called by:
		Interrupt level 2
 This function uses a non-reentrant model



MODULE INFORMATION

Module		Function		Class		Link	Load	Size
C:\Program Files (x86)\Microchip\xc8\v2.05\pic\sources\c99\common\awmod.c
		___awmod       		CODE           	1ABE	0000	113

C:\Program Files (x86)\Microchip\xc8\v2.05\pic\sources\c99\common\awmod.c estimated size: 113

setting_hardaware/interrupt_manager.c
		_INTERRUPT_Initialize		CODE           	1E22	0000	9

setting_hardaware/interrupt_manager.c estimated size: 9

C:\Program Files (x86)\Microchip\xc8\v2.05\pic\sources\c99\common\flge.c
		___flge        		CODE           	16EA	0000	209

C:\Program Files (x86)\Microchip\xc8\v2.05\pic\sources\c99\common\flge.c estimated size: 209

setting_hardaware/uart.c
		_Lo_ISR        		CODE           	0018	0000	65
		_MyusartRead   		CODE           	1C1C	0000	69
		_UART_Initialize		CODE           	1D84	0000	35
		_UART_Write    		CODE           	1E0E	0000	13

setting_hardaware/uart.c estimated size: 182

C:\Program Files (x86)\Microchip\xc8\v2.05\pic\sources\c99\common\xxtofl.c
		___xxtofl      		CODE           	1490	0000	321

C:\Program Files (x86)\Microchip\xc8\v2.05\pic\sources\c99\common\xxtofl.c estimated size: 321

setting_hardaware/pwm.c
		_PWM_Initialize		CODE           	1DF0	0000	17

setting_hardaware/pwm.c estimated size: 17

setting_hardaware/ccp1.c
		_CCP1_Initialize		CODE           	1E30	0000	3

setting_hardaware/ccp1.c estimated size: 3

setting_hardaware/adc.c
		_ADC_Initialize		CODE           	1DDA	0000	23

setting_hardaware/adc.c estimated size: 23

C:\Program Files (x86)\Microchip\xc8\v2.05\pic\sources\c99\common\fltol.c
		___fltol       		CODE           	1A04	0000	187

C:\Program Files (x86)\Microchip\xc8\v2.05\pic\sources\c99\common\fltol.c estimated size: 187

C:\Program Files (x86)\Microchip\xc8\v2.05\pic\sources\c99\common\sprcmul.c
		___flmul       		CODE           	0620	0000	851

C:\Program Files (x86)\Microchip\xc8\v2.05\pic\sources\c99\common\sprcmul.c estimated size: 851

C:\Program Files (x86)\Microchip\xc8\v2.05\pic\sources\c99\common\sprcdiv.c
		___fldiv       		CODE           	0C68	0000	649

C:\Program Files (x86)\Microchip\xc8\v2.05\pic\sources\c99\common\sprcdiv.c estimated size: 649

shared
		__initialization		CODE           	1946	0000	173

shared estimated size: 173

setting_hardaware/tmr2.c
		_TIMER2_Initialize		CODE           	1E2E	0000	3

setting_hardaware/tmr2.c estimated size: 3

C:\Program Files (x86)\Microchip\xc8\v2.05\pic\sources\c99\common\Umul16.c
		___wmul        		CODE           	1D3C	0000	39

C:\Program Files (x86)\Microchip\xc8\v2.05\pic\sources\c99\common\Umul16.c estimated size: 39

setting_hardaware/setting.c
		_TIMER3_Initialize		CODE           	1DC0	0000	27
		_OSCILLATOR_Initialize		CODE           	1E1A	0000	9
		_SYSTEM_Initialize		CODE           	1D62	0000	35

setting_hardaware/setting.c estimated size: 71

setting_hardaware/ym2413.c
		_YAMAHA        		CODE           	1CDC	0000	57
		_YM2413Write   		CODE           	0EF0	0000	543
		_get_bits      		CODE           	1BD6	0000	71
		_canon         		CODE           	0972	0000	759
		_modifyBit     		CODE           	1B2E	0000	99
		_playNote      		CODE           	110E	0000	535
		_stopNote      		CODE           	1B90	0000	71
		_delay_ms      		CODE           	1D14	0000	41

setting_hardaware/ym2413.c estimated size: 2176

main.c
		_Trigger_Pulse_10us		CODE           	1E00	0000	15
		_sevenSetting  		CODE           	1DA6	0000	27
		_main          		CODE           	1C9E	0000	63
		_detect1       		CODE           	1324	0000	365
		_Hi_ISR        		CODE           	0008	0000	289

main.c estimated size: 759

